../Core/Src/main.c:90:5:main	16	static
../Core/Src/main.c:170:6:SystemClock_Config	96	static
../Core/Src/main.c:218:13:MX_ADC1_Init	48	static
../Core/Src/main.c:284:13:MX_TIM1_Init	112	static
../Core/Src/main.c:373:13:MX_TIM2_Init	56	static
../Core/Src/main.c:432:13:MX_TIM3_Init	72	static
../Core/Src/main.c:503:13:MX_USART2_UART_Init	8	static
../Core/Src/main.c:536:13:MX_DMA_Init	16	static
../Core/Src/main.c:554:13:MX_GPIO_Init	40	static
../Core/Src/main.c:587:6:HAL_TIM_PeriodElapsedCallback	16	static
../Core/Src/main.c:610:6:Error_Handler	4	static,ignoring_inline_asm
