../Core/Src/main.c:75:5:main	8	static
../Core/Src/main.c:128:6:SystemClock_Config	96	static
../Core/Src/main.c:176:13:MX_ADC1_Init	48	static
../Core/Src/main.c:242:13:MX_TIM1_Init	112	static
../Core/Src/main.c:328:13:MX_TIM2_Init	40	static
../Core/Src/main.c:373:13:MX_TIM3_Init	88	static
../Core/Src/main.c:456:13:MX_DMA_Init	16	static
../Core/Src/main.c:474:13:MX_GPIO_Init	40	static
../Core/Src/main.c:500:6:HAL_TIM_IC_CaptureCallback	16	static
../Core/Src/main.c:508:6:HAL_TIM_PeriodElapsedCallback	16	static
../Core/Src/main.c:520:6:Error_Handler	4	static,ignoring_inline_asm
